// Vitest Snapshot v1

exports[`AppError tests > should render 1`] = `
VueWrapper {
  "__app": {
    "_component": {
      "name": "VTU_ROOT",
      "render": [Function],
    },
    "_container": <div
      data-v-app=""
    >
      <div
        class="header"
        data-v-c6318512=""
      >
        <div
          class="header__inner-content"
          data-v-c6318512=""
        >
          <div
            class="header__link"
            data-v-c6318512=""
          >
            <routerlink
              class="header__title"
              data-v-c6318512=""
              tag="div"
              to="[object Object]"
            >
              Where in the world?
            </routerlink>
          </div>
          <div
            class="header__switch-mode"
            data-v-c6318512=""
          >
             toggle theme 
          </div>
        </div>
      </div>
    </div>,
    "_context": {
      "app": [Circular],
      "components": {
        "transition": {
          "name": "transition",
        },
        "transition-group": {
          "name": "transition-group",
        },
      },
      "config": {
        "compilerOptions": {},
        "errorHandler": undefined,
        "globalProperties": {},
        "isNativeTag": [Function],
        "optionMergeStrategies": {},
        "performance": false,
        "warnHandler": undefined,
      },
      "directives": {},
      "emitsCache": WeakMap {},
      "mixins": [
        {
          "beforeCreate": [Function],
        },
      ],
      "optionsCache": WeakMap {},
      "propsCache": WeakMap {},
      "provides": {},
      "reload": [Function],
    },
    "_instance": {
      "a": null,
      "accessCache": {},
      "appContext": {
        "app": [Circular],
        "components": {
          "transition": {
            "name": "transition",
          },
          "transition-group": {
            "name": "transition-group",
          },
        },
        "config": {
          "compilerOptions": {},
          "errorHandler": undefined,
          "globalProperties": {},
          "isNativeTag": [Function],
          "optionMergeStrategies": {},
          "performance": false,
          "warnHandler": undefined,
        },
        "directives": {},
        "emitsCache": WeakMap {},
        "mixins": [
          {
            "beforeCreate": [Function],
          },
        ],
        "optionsCache": WeakMap {},
        "propsCache": WeakMap {},
        "provides": {},
        "reload": [Function],
      },
      "asyncDep": null,
      "asyncResolved": false,
      "attrs": {},
      "bc": null,
      "bm": null,
      "bu": null,
      "bum": null,
      "c": null,
      "components": null,
      "ctx": {},
      "da": null,
      "data": {},
      "directives": null,
      "ec": null,
      "effect": ReactiveEffect {
        "active": true,
        "allowRecurse": true,
        "deps": [
          Set {
            [Circular],
          },
          Set {
            [Circular],
          },
          Set {
            [Circular],
          },
        ],
        "fn": [Function],
        "onTrack": undefined,
        "onTrigger": undefined,
        "parent": undefined,
        "scheduler": [Function],
      },
      "emit": [Function],
      "emitsOptions": null,
      "emitted": null,
      "exposeProxy": null,
      "exposed": null,
      "inheritAttrs": undefined,
      "isDeactivated": false,
      "isMounted": true,
      "isUnmounted": false,
      "m": null,
      "next": null,
      "parent": null,
      "props": {},
      "propsDefaults": {},
      "propsOptions": [
        {},
        [],
      ],
      "provides": {},
      "proxy": {},
      "refs": {
        "VTU_COMPONENT": {
          "hasOwnProperty": [Function],
        },
      },
      "render": [Function],
      "renderCache": [],
      "root": [Circular],
      "rtc": null,
      "rtg": null,
      "scope": EffectScope {
        "active": true,
        "cleanups": [],
        "effects": [
          ReactiveEffect {
            "active": true,
            "allowRecurse": true,
            "deps": [
              Set {
                [Circular],
              },
              Set {
                [Circular],
              },
              Set {
                [Circular],
              },
            ],
            "fn": [Function],
            "onTrack": undefined,
            "onTrigger": undefined,
            "parent": undefined,
            "scheduler": [Function],
          },
        ],
      },
      "setupContext": null,
      "setupState": {},
      "slots": {},
      "sp": null,
      "subTree": {
        "__v_isVNode": true,
        "__v_skip": true,
        "anchor": null,
        "appContext": null,
        "children": null,
        "component": {
          "a": null,
          "accessCache": {},
          "appContext": {
            "app": [Circular],
            "components": {
              "transition": {
                "name": "transition",
              },
              "transition-group": {
                "name": "transition-group",
              },
            },
            "config": {
              "compilerOptions": {},
              "errorHandler": undefined,
              "globalProperties": {},
              "isNativeTag": [Function],
              "optionMergeStrategies": {},
              "performance": false,
              "warnHandler": undefined,
            },
            "directives": {},
            "emitsCache": WeakMap {},
            "mixins": [
              {
                "beforeCreate": [Function],
              },
            ],
            "optionsCache": WeakMap {},
            "propsCache": WeakMap {},
            "provides": {},
            "reload": [Function],
          },
          "asyncDep": null,
          "asyncResolved": false,
          "attrs": {},
          "bc": null,
          "bm": null,
          "bu": null,
          "bum": null,
          "c": null,
          "components": {},
          "ctx": {},
          "da": null,
          "data": {},
          "devtoolsRawSetupState": {
            "currentMode": RefImpl {
              "__v_isRef": true,
              "__v_isShallow": false,
              "_rawValue": null,
              "_value": null,
              "dep": undefined,
            },
            "scrollTop": [Function],
            "setCurrentMode": [Function],
            "toggleCurrentMode": [Function],
          },
          "directives": null,
          "ec": null,
          "effect": ReactiveEffect {
            "active": true,
            "allowRecurse": true,
            "deps": [],
            "fn": [Function],
            "onTrack": undefined,
            "onTrigger": undefined,
            "parent": undefined,
            "scheduler": [Function],
          },
          "emit": [Function],
          "emitsOptions": null,
          "emitted": null,
          "exposeProxy": {
            "hasOwnProperty": [Function],
          },
          "exposed": {
            "hasOwnProperty": [Function],
          },
          "inheritAttrs": undefined,
          "isDeactivated": false,
          "isMounted": true,
          "isUnmounted": false,
          "m": [
            [Function],
          ],
          "next": null,
          "parent": [Circular],
          "props": {},
          "propsDefaults": {},
          "propsOptions": [
            {},
            [],
          ],
          "provides": {},
          "proxy": {},
          "refs": {},
          "render": [Function],
          "renderCache": [],
          "root": [Circular],
          "rtc": null,
          "rtg": null,
          "scope": EffectScope {
            "active": true,
            "cleanups": [],
            "effects": [
              ReactiveEffect {
                "active": true,
                "allowRecurse": true,
                "deps": [],
                "fn": [Function],
                "onTrack": undefined,
                "onTrigger": undefined,
                "parent": undefined,
                "scheduler": [Function],
              },
            ],
          },
          "setupContext": {
            "attrs": {},
            "emit": [Function],
            "expose": [Function],
            "slots": {},
          },
          "setupState": {
            "currentMode": null,
            "scrollTop": [Function],
            "setCurrentMode": [Function],
            "toggleCurrentMode": [Function],
          },
          "slots": {},
          "sp": null,
          "subTree": {
            "__v_isVNode": true,
            "__v_skip": true,
            "anchor": null,
            "appContext": null,
            "children": [
              {
                "__v_isVNode": true,
                "__v_skip": true,
                "anchor": null,
                "appContext": null,
                "children": [
                  {
                    "__v_isVNode": true,
                    "__v_skip": true,
                    "anchor": null,
                    "appContext": null,
                    "children": [
                      {
                        "__v_isVNode": true,
                        "__v_skip": true,
                        "anchor": null,
                        "appContext": null,
                        "children": [
                          {
                            "__v_isVNode": true,
                            "__v_skip": true,
                            "anchor": null,
                            "appContext": null,
                            "children": "Where in the world?",
                            "component": null,
                            "dirs": null,
                            "dynamicChildren": null,
                            "dynamicProps": null,
                            "el": Where in the world?,
                            "key": null,
                            "patchFlag": 0,
                            "props": null,
                            "ref": null,
                            "scopeId": null,
                            "shapeFlag": 8,
                            "slotScopeIds": null,
                            "ssContent": null,
                            "ssFallback": null,
                            "staticCount": 0,
                            "suspense": null,
                            "target": null,
                            "targetAnchor": null,
                            "transition": null,
                            "type": Symbol(Text),
                          },
                        ],
                        "component": null,
                        "dirs": null,
                        "dynamicChildren": null,
                        "dynamicProps": null,
                        "el": <routerlink
                          class="header__title"
                          data-v-c6318512=""
                          tag="div"
                          to="[object Object]"
                        >
                          Where in the world?
                        </routerlink>,
                        "key": null,
                        "patchFlag": 0,
                        "props": {
                          "class": "header__title",
                          "tag": "div",
                          "to": {
                            "name": "CountryGridPage",
                          },
                        },
                        "ref": null,
                        "scopeId": "data-v-c6318512",
                        "shapeFlag": 17,
                        "slotScopeIds": null,
                        "ssContent": null,
                        "ssFallback": null,
                        "staticCount": 0,
                        "suspense": null,
                        "target": null,
                        "targetAnchor": null,
                        "transition": null,
                        "type": "RouterLink",
                      },
                    ],
                    "component": null,
                    "dirs": null,
                    "dynamicChildren": null,
                    "dynamicProps": null,
                    "el": <div
                      class="header__link"
                      data-v-c6318512=""
                    >
                      <routerlink
                        class="header__title"
                        data-v-c6318512=""
                        tag="div"
                        to="[object Object]"
                      >
                        Where in the world?
                      </routerlink>
                    </div>,
                    "key": null,
                    "patchFlag": 0,
                    "props": {
                      "class": "header__link",
                      "onClick": [Function],
                    },
                    "ref": null,
                    "scopeId": "data-v-c6318512",
                    "shapeFlag": 17,
                    "slotScopeIds": null,
                    "ssContent": null,
                    "ssFallback": null,
                    "staticCount": 0,
                    "suspense": null,
                    "target": null,
                    "targetAnchor": null,
                    "transition": null,
                    "type": "div",
                  },
                  {
                    "__v_isVNode": true,
                    "__v_skip": true,
                    "anchor": null,
                    "appContext": null,
                    "children": " toggle theme ",
                    "component": null,
                    "dirs": null,
                    "dynamicChildren": null,
                    "dynamicProps": null,
                    "el": <div
                      class="header__switch-mode"
                      data-v-c6318512=""
                    >
                       toggle theme 
                    </div>,
                    "key": null,
                    "patchFlag": 0,
                    "props": {
                      "class": "header__switch-mode",
                      "onClick": [Function],
                    },
                    "ref": null,
                    "scopeId": "data-v-c6318512",
                    "shapeFlag": 9,
                    "slotScopeIds": null,
                    "ssContent": null,
                    "ssFallback": null,
                    "staticCount": 0,
                    "suspense": null,
                    "target": null,
                    "targetAnchor": null,
                    "transition": null,
                    "type": "div",
                  },
                ],
                "component": null,
                "dirs": null,
                "dynamicChildren": null,
                "dynamicProps": null,
                "el": <div
                  class="header__inner-content"
                  data-v-c6318512=""
                >
                  <div
                    class="header__link"
                    data-v-c6318512=""
                  >
                    <routerlink
                      class="header__title"
                      data-v-c6318512=""
                      tag="div"
                      to="[object Object]"
                    >
                      Where in the world?
                    </routerlink>
                  </div>
                  <div
                    class="header__switch-mode"
                    data-v-c6318512=""
                  >
                     toggle theme 
                  </div>
                </div>,
                "key": null,
                "patchFlag": 0,
                "props": {
                  "class": "header__inner-content",
                },
                "ref": null,
                "scopeId": "data-v-c6318512",
                "shapeFlag": 17,
                "slotScopeIds": null,
                "ssContent": null,
                "ssFallback": null,
                "staticCount": 0,
                "suspense": null,
                "target": null,
                "targetAnchor": null,
                "transition": null,
                "type": "div",
              },
            ],
            "component": null,
            "dirs": null,
            "dynamicChildren": [],
            "dynamicProps": null,
            "el": <div
              class="header"
              data-v-c6318512=""
            >
              <div
                class="header__inner-content"
                data-v-c6318512=""
              >
                <div
                  class="header__link"
                  data-v-c6318512=""
                >
                  <routerlink
                    class="header__title"
                    data-v-c6318512=""
                    tag="div"
                    to="[object Object]"
                  >
                    Where in the world?
                  </routerlink>
                </div>
                <div
                  class="header__switch-mode"
                  data-v-c6318512=""
                >
                   toggle theme 
                </div>
              </div>
            </div>,
            "key": null,
            "patchFlag": 0,
            "props": {
              "class": "header",
            },
            "ref": null,
            "scopeId": "data-v-c6318512",
            "shapeFlag": 17,
            "slotScopeIds": null,
            "ssContent": null,
            "ssFallback": null,
            "staticCount": 0,
            "suspense": null,
            "target": null,
            "targetAnchor": null,
            "transition": null,
            "type": "div",
          },
          "suspense": null,
          "suspenseId": 0,
          "type": {
            "__file": "C:/Users/averkhusha/WebstormProjects/countries-vue3/src/entities/app/AppHeader/ui/index.vue",
            "__name": "index",
            "__scopeId": "data-v-c6318512",
            "components": {},
            "render": [Function],
            "setup": [Function],
          },
          "u": null,
          "uid": 1,
          "um": null,
          "update": [Function],
          "vnode": [Circular],
          "withProxy": null,
        },
        "dirs": null,
        "dynamicChildren": null,
        "dynamicProps": null,
        "el": <div
          class="header"
          data-v-c6318512=""
        >
          <div
            class="header__inner-content"
            data-v-c6318512=""
          >
            <div
              class="header__link"
              data-v-c6318512=""
            >
              <routerlink
                class="header__title"
                data-v-c6318512=""
                tag="div"
                to="[object Object]"
              >
                Where in the world?
              </routerlink>
            </div>
            <div
              class="header__switch-mode"
              data-v-c6318512=""
            >
               toggle theme 
            </div>
          </div>
        </div>,
        "key": null,
        "patchFlag": 0,
        "props": {
          "ref": "VTU_COMPONENT",
        },
        "ref": {
          "f": false,
          "i": [Circular],
          "k": undefined,
          "r": "VTU_COMPONENT",
        },
        "scopeId": null,
        "shapeFlag": 4,
        "slotScopeIds": null,
        "ssContent": null,
        "ssFallback": null,
        "staticCount": 0,
        "suspense": null,
        "target": null,
        "targetAnchor": null,
        "transition": null,
        "type": {
          "__file": "C:/Users/averkhusha/WebstormProjects/countries-vue3/src/entities/app/AppHeader/ui/index.vue",
          "__name": "index",
          "__scopeId": "data-v-c6318512",
          "components": {},
          "render": [Function],
          "setup": [Function],
        },
      },
      "suspense": null,
      "suspenseId": 0,
      "type": {
        "name": "VTU_ROOT",
        "render": [Function],
      },
      "u": null,
      "uid": 0,
      "um": null,
      "update": [Function],
      "vnode": {
        "__v_isVNode": true,
        "__v_skip": true,
        "anchor": null,
        "appContext": {
          "app": [Circular],
          "components": {
            "transition": {
              "name": "transition",
            },
            "transition-group": {
              "name": "transition-group",
            },
          },
          "config": {
            "compilerOptions": {},
            "errorHandler": undefined,
            "globalProperties": {},
            "isNativeTag": [Function],
            "optionMergeStrategies": {},
            "performance": false,
            "warnHandler": undefined,
          },
          "directives": {},
          "emitsCache": WeakMap {},
          "mixins": [
            {
              "beforeCreate": [Function],
            },
          ],
          "optionsCache": WeakMap {},
          "propsCache": WeakMap {},
          "provides": {},
          "reload": [Function],
        },
        "children": null,
        "component": [Circular],
        "dirs": null,
        "dynamicChildren": null,
        "dynamicProps": null,
        "el": <div
          class="header"
          data-v-c6318512=""
        >
          <div
            class="header__inner-content"
            data-v-c6318512=""
          >
            <div
              class="header__link"
              data-v-c6318512=""
            >
              <routerlink
                class="header__title"
                data-v-c6318512=""
                tag="div"
                to="[object Object]"
              >
                Where in the world?
              </routerlink>
            </div>
            <div
              class="header__switch-mode"
              data-v-c6318512=""
            >
               toggle theme 
            </div>
          </div>
        </div>,
        "key": null,
        "patchFlag": 0,
        "props": null,
        "ref": null,
        "scopeId": null,
        "shapeFlag": 4,
        "slotScopeIds": null,
        "ssContent": null,
        "ssFallback": null,
        "staticCount": 0,
        "suspense": null,
        "target": null,
        "targetAnchor": null,
        "transition": null,
        "type": {
          "name": "VTU_ROOT",
          "render": [Function],
        },
      },
      "withProxy": null,
    },
    "_props": null,
    "_uid": 0,
    "component": [Function],
    "config": {
      "compilerOptions": {},
      "errorHandler": undefined,
      "globalProperties": {},
      "isNativeTag": [Function],
      "optionMergeStrategies": {},
      "performance": false,
      "warnHandler": undefined,
    },
    "directive": [Function],
    "mixin": [Function],
    "mount": [Function],
    "provide": [Function],
    "unmount": [Function],
    "use": [Function],
    "version": "3.2.38",
  },
  "__setProps": [Function],
  "componentVM": {},
  "isDisabled": [Function],
  "rootVM": {},
  "wrapperElement": <div
    class="header"
    data-v-c6318512=""
  >
    <div
      class="header__inner-content"
      data-v-c6318512=""
    >
      <div
        class="header__link"
        data-v-c6318512=""
      >
        <routerlink
          class="header__title"
          data-v-c6318512=""
          tag="div"
          to="[object Object]"
        >
          Where in the world?
        </routerlink>
      </div>
      <div
        class="header__switch-mode"
        data-v-c6318512=""
      >
         toggle theme 
      </div>
    </div>
  </div>,
}
`;
